[2022-09-24 00:18:04] New deadchest for [Flicky_Frank] in world at X:342 Y:63 Z:76
[2022-09-24 00:19:24] Deadchest of [Flicky_Frank] was taken by [Flicky_Frank] in world
[2022-09-24 00:21:10] New deadchest for [Flicky_Frank] in world at X:350 Y:63 Z:74
[2022-09-24 00:22:16] Deadchest of [Flicky_Frank] was taken by [Flicky_Frank] in world
[2022-09-24 00:28:52] New deadchest for [Flicky_Frank] in world at X:339 Y:63 Z:40
[2022-09-24 00:33:53] Deadchest of [Flicky_Frank] has expired in world
[2022-09-24 05:13:29] New deadchest for [Flicky_Frank] in world at X:-318 Y:69 Z:2597
[2022-09-24 05:14:36] Deadchest of [Flicky_Frank] was taken by [Flicky_Frank] in world
[2022-09-24 06:11:39] New deadchest for [Flicky_Frank] in world at X:219 Y:62 Z:177
[2022-09-24 06:11:39] Deadchest of [Flicky_Frank] was protected from explosion in world
[2022-09-24 06:11:39] Deadchest of [Flicky_Frank] was protected from explosion in world
[2022-09-24 06:11:39] Deadchest of [Flicky_Frank] was protected from explosion in world
[2022-09-24 06:11:39] Deadchest of [Flicky_Frank] was protected from explosion in world
[2022-09-24 06:11:39] Deadchest of [Flicky_Frank] was protected from explosion in world
[2022-09-24 06:11:53] Deadchest of [Flicky_Frank] was protected from explosion in world
[2022-09-24 06:12:51] Deadchest of [Flicky_Frank] was taken by [Flicky_Frank] in world
[2022-09-25 15:08:13] New deadchest for [SmokeTheTrees] in world at X:-343 Y:63 Z:2528
[2022-09-25 15:11:03] Deadchest of [SmokeTheTrees] was taken by [SmokeTheTrees] in world
[2022-09-25 16:26:32] New deadchest for [SmokeTheTrees] in world at X:265 Y:-3 Z:184
[2022-09-25 16:29:11] Deadchest of [SmokeTheTrees] was taken by [SmokeTheTrees] in world
[2022-09-25 18:56:14] New deadchest for [FortniteSr] in world at X:477 Y:63 Z:-120
[2022-09-25 18:57:12] Deadchest of [FortniteSr] was taken by [FortniteSr] in world
[2022-09-25 19:32:57] New deadchest for [SmokeTheTrees] in world at X:-326 Y:68 Z:2589
[2022-09-25 19:33:10] Deadchest of [SmokeTheTrees] was taken by [SmokeTheTrees] in world
[2022-09-25 23:50:41] New deadchest for [SmokeTheTrees] in world at X:-304 Y:62 Z:2562
[2022-09-25 23:51:25] Deadchest of [SmokeTheTrees] was taken by [SmokeTheTrees] in world
[2022-09-26 03:09:07] New deadchest for [FortniteSr] in world at X:470 Y:210 Z:-124
[2022-09-26 03:10:16] Deadchest of [FortniteSr] was taken by [FortniteSr] in world
[2022-09-26 20:01:46] New deadchest for [SmokeTheTrees] in world at X:-327 Y:65 Z:2483
[2022-09-26 20:01:57] Deadchest of [SmokeTheTrees] was taken by [SmokeTheTrees] in world
[2022-09-27 03:21:20] New deadchest for [SmokeTheTrees] in world_nether at X:0 Y:62 Z:315
[2022-09-27 03:23:06] Deadchest of [SmokeTheTrees] was taken by [SmokeTheTrees] in world_nether
[2022-09-27 05:28:46] New deadchest for [Texder] in world at X:266 Y:62 Z:124
[2022-09-27 16:27:59] New deadchest for [SmokeTheTrees] in world at X:-319 Y:47 Z:2604
[2022-09-27 16:28:54] Deadchest of [SmokeTheTrees] was taken by [SmokeTheTrees] in world
[2022-09-27 16:47:34] New deadchest for [SmokeTheTrees] in world_nether at X:-329 Y:26 Z:2605
[2022-09-27 16:48:43] New deadchest for [SmokeTheTrees] in world at X:-332 Y:65 Z:2433
[2022-09-27 16:48:48] Deadchest of [SmokeTheTrees] was taken by [SmokeTheTrees] in world
[2022-09-27 17:13:46] New deadchest for [SmokeTheTrees] in world at X:268 Y:16 Z:174
[2022-09-27 17:17:29] Deadchest of [SmokeTheTrees] was taken by [SmokeTheTrees] in world
[2022-10-10 20:48:02] New deadchest for [SmokeTheTrees] in world_nether at X:39 Y:53 Z:-254
[2022-10-10 20:50:09] Deadchest of [SmokeTheTrees] was taken by [SmokeTheTrees] in world_nether
[2022-10-10 22:25:50] New deadchest for [SmokeTheTrees] in world_nether at X:38 Y:34 Z:-253
[2022-10-11 18:01:10] Deadchest of [SmokeTheTrees] was taken by [SmokeTheTrees] in world_nether
[2022-10-11 18:33:15] New deadchest for [SmokeTheTrees] in world_nether at X:-337 Y:49 Z:2620
[2022-10-11 18:35:03] Deadchest of [SmokeTheTrees] was taken by [SmokeTheTrees] in world_nether
[2022-10-11 18:35:12] Deadchest of [SmokeTheTrees] was taken by [SmokeTheTrees] in world_nether
